node.exe : FAIL unit/services
/token.service.test.js
At C:\Program 
Files\nodejs\npx.ps1:29 
char:3
+   & $NODE_EXE $NPX_CLI_JS 
$args
+   
~~~~~~~~~~~~~~~~~~~~~~~~~~~~~
    + CategoryInfo           
   : NotSpecified: (FAIL un  
  it/services/token.servic   
 e.test.js:String) [], Re    
moteException
    + FullyQualifiedErrorId  
   : NativeCommandError
 
  ● Test suite failed to run

    Cannot find module '../..
/backend/src/services/token.s
ervice' from 'unit/services/t
oken.service.test.js'

    [0m[31m[1m>[22m[39m
[90m 1 |[39m 
[36mconst[39m tokenService 
[33m=[39m require([32m'../
../backend/src/services/token
.service'[39m)[33m;[39m
     [90m   |[39m          
                             
                             
     [31m[1m^[22m[39m
     [90m 2 |[39m 
[36mconst[39m jwt 
[33m=[39m require([32m'jso
nwebtoken'[39m)[33m;[39m
     [90m 3 |[39m
     [90m 4 |[39m 
describe([32m'Token 
Service'[39m[33m,[39m () 
[33m=>[39m {[0m

      at Resolver._throwModNo
tFoundError (node_modules/jes
t-resolve/build/resolver.js:4
27:11)
      at Object.<anonymous> (
unit/services/token.service.t
est.js:1:73)

Test Suites: 1 failed, 1 
total
Tests:       0 total
Snapshots:   0 total
Time:        0.672 s
Ran all test suites matching 
/test\\unit\\services\\token.
service.test.js/i.
